// Jest Snapshot v1, https://goo.gl/fbAQLP

exports[`Reservation Page renders correctly 1`] = `
Object {
  "asFragment": [Function],
  "baseElement": <body>
    <div>
      <div
        class="sidebar"
      >
        <img
          alt="logo"
          class="logo"
          src="trekkerlogo.png"
        />
        <ul
          class="sidebar_content"
        >
          <li
            class="page_link"
          >
            <a
              activeclassname="active-link"
              class="link"
              href="/Destinations"
            >
              DESTINATIONS
            </a>
          </li>
          <li
            class="page_link"
          >
            <a
              activeclassname="active-link"
              class="link"
              href="/Destinations"
            >
              RESERVE
            </a>
          </li>
          <li
            class="page_link"
          >
            <a
              activeclassname="active-link"
              class="link"
              href="/Destinations"
            >
              ADD SAFARI
            </a>
          </li>
          <li
            class="page_link"
          >
            <a
              activeclassname="active-link"
              class="link"
              href="/Destinations"
            >
              DELETE SAFARI
            </a>
          </li>
        </ul>
        <div
          class="links"
        >
          <button
            class="li"
            type="button"
          >
            <a
              class="enter"
              href="/login"
            >
              Login
            </a>
          </button>
          <br />
          <button
            class="li"
            type="button"
          >
            <a
              class="enter"
              href="/register"
            >
              Register
            </a>
          </button>
          <br />
        </div>
      </div>
      <div
        class="noReservation"
      >
        <h3>
          You have no reservations
        </h3>
      </div>
    </div>
  </body>,
  "container": <div>
    <div
      class="sidebar"
    >
      <img
        alt="logo"
        class="logo"
        src="trekkerlogo.png"
      />
      <ul
        class="sidebar_content"
      >
        <li
          class="page_link"
        >
          <a
            activeclassname="active-link"
            class="link"
            href="/Destinations"
          >
            DESTINATIONS
          </a>
        </li>
        <li
          class="page_link"
        >
          <a
            activeclassname="active-link"
            class="link"
            href="/Destinations"
          >
            RESERVE
          </a>
        </li>
        <li
          class="page_link"
        >
          <a
            activeclassname="active-link"
            class="link"
            href="/Destinations"
          >
            ADD SAFARI
          </a>
        </li>
        <li
          class="page_link"
        >
          <a
            activeclassname="active-link"
            class="link"
            href="/Destinations"
          >
            DELETE SAFARI
          </a>
        </li>
      </ul>
      <div
        class="links"
      >
        <button
          class="li"
          type="button"
        >
          <a
            class="enter"
            href="/login"
          >
            Login
          </a>
        </button>
        <br />
        <button
          class="li"
          type="button"
        >
          <a
            class="enter"
            href="/register"
          >
            Register
          </a>
        </button>
        <br />
      </div>
    </div>
    <div
      class="noReservation"
    >
      <h3>
        You have no reservations
      </h3>
    </div>
  </div>,
  "debug": [Function],
  "findAllByAltText": [Function],
  "findAllByDisplayValue": [Function],
  "findAllByLabelText": [Function],
  "findAllByPlaceholderText": [Function],
  "findAllByRole": [Function],
  "findAllByTestId": [Function],
  "findAllByText": [Function],
  "findAllByTitle": [Function],
  "findByAltText": [Function],
  "findByDisplayValue": [Function],
  "findByLabelText": [Function],
  "findByPlaceholderText": [Function],
  "findByRole": [Function],
  "findByTestId": [Function],
  "findByText": [Function],
  "findByTitle": [Function],
  "getAllByAltText": [Function],
  "getAllByDisplayValue": [Function],
  "getAllByLabelText": [Function],
  "getAllByPlaceholderText": [Function],
  "getAllByRole": [Function],
  "getAllByTestId": [Function],
  "getAllByText": [Function],
  "getAllByTitle": [Function],
  "getByAltText": [Function],
  "getByDisplayValue": [Function],
  "getByLabelText": [Function],
  "getByPlaceholderText": [Function],
  "getByRole": [Function],
  "getByTestId": [Function],
  "getByText": [Function],
  "getByTitle": [Function],
  "queryAllByAltText": [Function],
  "queryAllByDisplayValue": [Function],
  "queryAllByLabelText": [Function],
  "queryAllByPlaceholderText": [Function],
  "queryAllByRole": [Function],
  "queryAllByTestId": [Function],
  "queryAllByText": [Function],
  "queryAllByTitle": [Function],
  "queryByAltText": [Function],
  "queryByDisplayValue": [Function],
  "queryByLabelText": [Function],
  "queryByPlaceholderText": [Function],
  "queryByRole": [Function],
  "queryByTestId": [Function],
  "queryByText": [Function],
  "queryByTitle": [Function],
  "rerender": [Function],
  "unmount": [Function],
}
`;
